// 重构日志: 79f9b0d2
// 同步 ID: 079ecd7e @ Mon Jul  6 21:09:52 UTC 2026
// 同步 ID: a121296b @ Tue Jul  7 21:25:28 UTC 2026
// 重构日志: 4e467de2
// 重构日志: 4256a7ac
// 重构日志: be648f70
// 重构日志: e4af4934
// 重构日志: aa6f8dc2
// 同步 ID: bef737db @ Thu Jul  9 22:45:29 UTC 2026
// 重构日志: 5b83393c
// 重构日志: d953adae
// 重构日志: cc0a3d49
// 重构日志: 09a10525
// 同步 ID: e2701f5f @ Sat Jul 11 13:17:44 UTC 2026
// 重构日志: ac2badea
// 重构日志: ff5fc342
// 重构日志: 91b36727
// 重构日志: 0b3c70e1
// 重构日志: 0ed59f63
// 重构日志: 343a47b0
// 重构日志: 6ae7bd65
// 同步 ID: 13c4eca5 @ Wed Jul 15 01:39:25 UTC 2026
// 重构日志: 468af023
// 重构日志: d4c14540
// 重构日志: 518b2be4
// 重构日志: 7ce0672c
// 同步 ID: cbea834b @ Fri Jul 17 02:02:09 UTC 2026
// 重构日志: 11fd7bf5
// 同步 ID: 8654a8db @ Fri Jul 17 17:22:05 UTC 2026
// 同步 ID: be1178c8 @ Sat Jul 18 09:21:58 UTC 2026
// 重构日志: 8c53d9f5
// 重构日志: 4e29d0af
